C:/Users/Admin/Desktop/HK242/Embedded/RFID-Card-Reader/Firmware/comm/MFRC522.c:14:6:Write_MFRC522	24	static
C:/Users/Admin/Desktop/HK242/Embedded/RFID-Card-Reader/Firmware/comm/MFRC522.c:47:8:Read_MFRC522	24	static
C:/Users/Admin/Desktop/HK242/Embedded/RFID-Card-Reader/Firmware/comm/MFRC522.c:85:6:SetBitMask	24	static
C:/Users/Admin/Desktop/HK242/Embedded/RFID-Card-Reader/Firmware/comm/MFRC522.c:98:6:ClearBitMask	24	static
C:/Users/Admin/Desktop/HK242/Embedded/RFID-Card-Reader/Firmware/comm/MFRC522.c:112:6:AntennaOn	16	static
C:/Users/Admin/Desktop/HK242/Embedded/RFID-Card-Reader/Firmware/comm/MFRC522.c:127:6:AntennaOff	8	static
C:/Users/Admin/Desktop/HK242/Embedded/RFID-Card-Reader/Firmware/comm/MFRC522.c:139:6:MFRC522_Reset	8	static
C:/Users/Admin/Desktop/HK242/Embedded/RFID-Card-Reader/Firmware/comm/MFRC522.c:150:6:MFRC522_Init	8	static
C:/Users/Admin/Desktop/HK242/Embedded/RFID-Card-Reader/Firmware/comm/MFRC522.c:183:8:MFRC522_Request	32	static
C:/Users/Admin/Desktop/HK242/Embedded/RFID-Card-Reader/Firmware/comm/MFRC522.c:211:8:MFRC522_ToCard	48	static
C:/Users/Admin/Desktop/HK242/Embedded/RFID-Card-Reader/Firmware/comm/MFRC522.c:330:8:MFRC522_Anticoll	32	static
C:/Users/Admin/Desktop/HK242/Embedded/RFID-Card-Reader/Firmware/comm/MFRC522.c:373:8:MFRC522_Read	24	static
C:/Users/Admin/Desktop/HK242/Embedded/RFID-Card-Reader/Firmware/comm/MFRC522.c:412:8:MFRC522_Write	56	static
C:/Users/Admin/Desktop/HK242/Embedded/RFID-Card-Reader/Firmware/comm/MFRC522.c:453:6:CalulateCRC	40	static
C:/Users/Admin/Desktop/HK242/Embedded/RFID-Card-Reader/Firmware/comm/MFRC522.c:494:8:MFRC522_Auth	56	static
C:/Users/Admin/Desktop/HK242/Embedded/RFID-Card-Reader/Firmware/comm/MFRC522.c:529:8:MFRC522_SelectTag	48	static
C:/Users/Admin/Desktop/HK242/Embedded/RFID-Card-Reader/Firmware/comm/MFRC522.c:567:6:MFRC522_Halt	32	static
C:/Users/Admin/Desktop/HK242/Embedded/RFID-Card-Reader/Firmware/comm/MFRC522.c:581:6:MFRC522_StopCrypto1	8	static
