../Core/Src/main.c:76:6:send_uart	16	static
../Core/Src/main.c:80:6:get_time_from_user	8	static
../Core/Src/main.c:94:6:display_time_loop	16	static
../Core/Src/main.c:112:5:main	80	static
../Core/Src/main.c:285:6:SystemClock_Config	72	static
../Core/Src/main.c:322:13:MX_I2C1_Init	8	static
../Core/Src/main.c:356:13:MX_SPI2_Init	8	static
../Core/Src/main.c:394:13:MX_USART1_UART_Init	8	static
../Core/Src/main.c:427:13:MX_GPIO_Init	40	static
../Core/Src/main.c:497:6:Error_Handler	4	static,ignoring_inline_asm
